Error: contradicting assignment
1
0
Error: invalid input
Error: invalid input
Error: incomplete assignment
1
0
1
Error: invalid input
1
Error: contradicting assignment
Error: invalid input
0
1
