Error: invalid input
Error: incomplete assignment
Error: invalid input
1
Error: invalid input
1
Error: contradicting assignment
Error: invalid input
1
1
Error: incomplete assignment
