unsat
unsat
sat
sat
unsat
sat
sat
unsat
Error: invalid input
sat
