sat
Error: invalid input
sat
unsat
Error: invalid input
unsat
unsat
unsat
unsat
sat
